MPLINK 4.38, Linker
Linker Map File - Created Sat Jan 19 01:01:29 2013

                                 Section Info
                  Section       Type    Address   Location Size(Bytes)
                ---------  ---------  ---------  ---------  ---------
                   .org_0       code   0x000000    program   0x000000
                   .org_1       code   0x000000    program   0x000004
                   .org_2       code   0x000004    program   0x0005ac
        .config_2007_A1.O       code   0x002007    program   0x000002



                              Program Memory Usage 
                               Start         End      
                           ---------   ---------      
                            0x000000    0x000001      
                            0x000004    0x0002d9      
                            0x002007    0x002007      
            729 out of 4230 program addresses used, program memory utilization is 17%



                              Symbols - Sorted by Name
                     Name    Address   Location    Storage File                     
                ---------  ---------  ---------  --------- ---------                
           AGREGARLECTURA   0x0001c1    program     static G:\pruebas\a5\A1.ASM     
               APAGARLED0   0x00023b    program     static G:\pruebas\a5\A1.ASM     
               APAGARLED8   0x00024b    program     static G:\pruebas\a5\A1.ASM     
                     BIT0   0x0002a8    program     static G:\pruebas\a5\A1.ASM     
                     BIT1   0x0002a0    program     static G:\pruebas\a5\A1.ASM     
                     BIT2   0x000296    program     static G:\pruebas\a5\A1.ASM     
                     BIT3   0x00028c    program     static G:\pruebas\a5\A1.ASM     
                     BIT4   0x000282    program     static G:\pruebas\a5\A1.ASM     
                     BIT5   0x000276    program     static G:\pruebas\a5\A1.ASM     
                     BIT6   0x00026c    program     static G:\pruebas\a5\A1.ASM     
                     BIT7   0x000264    program     static G:\pruebas\a5\A1.ASM     
                     BIT8   0x00025c    program     static G:\pruebas\a5\A1.ASM     
                     BIT9   0x000256    program     static G:\pruebas\a5\A1.ASM     
                    BUCLE   0x000051    program     static G:\pruebas\a5\A1.ASM     
                 BUCLEDIV   0x00016c    program     static G:\pruebas\a5\A1.ASM     
                   COMPA1   0x0001e4    program     static G:\pruebas\a5\A1.ASM     
                  COMPA11   0x0001e5    program     static G:\pruebas\a5\A1.ASM     
                   COMPA2   0x0001ee    program     static G:\pruebas\a5\A1.ASM     
                  COMPA21   0x0001ef    program     static G:\pruebas\a5\A1.ASM     
                   COMPA3   0x0001f8    program     static G:\pruebas\a5\A1.ASM     
                  COMPA31   0x0001f9    program     static G:\pruebas\a5\A1.ASM     
                   COMPA4   0x000202    program     static G:\pruebas\a5\A1.ASM     
                  COMPA41   0x000203    program     static G:\pruebas\a5\A1.ASM     
                   COMPA5   0x00020c    program     static G:\pruebas\a5\A1.ASM     
                  COMPA51   0x00020d    program     static G:\pruebas\a5\A1.ASM     
                   COMPA6   0x000216    program     static G:\pruebas\a5\A1.ASM     
                  COMPA61   0x000217    program     static G:\pruebas\a5\A1.ASM     
                   COMPA7   0x000220    program     static G:\pruebas\a5\A1.ASM     
                  COMPA71   0x000221    program     static G:\pruebas\a5\A1.ASM     
                   COMPA8   0x00022a    program     static G:\pruebas\a5\A1.ASM     
                  COMPA81   0x00022b    program     static G:\pruebas\a5\A1.ASM     
                   COMPA9   0x000234    program     static G:\pruebas\a5\A1.ASM     
                  COMPA91   0x000235    program     static G:\pruebas\a5\A1.ASM     
           COMPARARSALIDA   0x0001da    program     static G:\pruebas\a5\A1.ASM     
            CONFIGURACION   0x00002e    program     static G:\pruebas\a5\A1.ASM     
                CONVERTIR   0x0001a7    program     static G:\pruebas\a5\A1.ASM     
              DIGITALIZAR   0x0002b0    program     static G:\pruebas\a5\A1.ASM     
                     DIS1   0x00005c    program     static G:\pruebas\a5\A1.ASM     
                     DIS2   0x000060    program     static G:\pruebas\a5\A1.ASM     
                     DIS3   0x000064    program     static G:\pruebas\a5\A1.ASM     
                     DIS4   0x000068    program     static G:\pruebas\a5\A1.ASM     
                  DISPLAY   0x000051    program     static G:\pruebas\a5\A1.ASM     
                      DIV   0x000174    program     static G:\pruebas\a5\A1.ASM     
                     DIV1   0x00016a    program     static G:\pruebas\a5\A1.ASM     
                   DIV102   0x000185    program     static G:\pruebas\a5\A1.ASM     
                   DIV103   0x00018d    program     static G:\pruebas\a5\A1.ASM     
                   DIV104   0x000195    program     static G:\pruebas\a5\A1.ASM     
                   DIV105   0x00019d    program     static G:\pruebas\a5\A1.ASM     
                   DIV106   0x0001a5    program     static G:\pruebas\a5\A1.ASM     
                    DIV16   0x0001af    program     static G:\pruebas\a5\A1.ASM     
                   DIV162   0x0001c8    program     static G:\pruebas\a5\A1.ASM     
               ESPERAR_AD   0x0001a9    program     static G:\pruebas\a5\A1.ASM     
                  INCFRE0   0x0000c9    program     static G:\pruebas\a5\A1.ASM     
                  INCFRE1   0x0000cb    program     static G:\pruebas\a5\A1.ASM     
                  INCFRE2   0x0000cd    program     static G:\pruebas\a5\A1.ASM     
                 INCFRE20   0x00013b    program     static G:\pruebas\a5\A1.ASM     
                 INCFRE21   0x00013f    program     static G:\pruebas\a5\A1.ASM     
                 INCFRE22   0x000143    program     static G:\pruebas\a5\A1.ASM     
                 INCFRE23   0x000147    program     static G:\pruebas\a5\A1.ASM     
                 INCFRE24   0x00014b    program     static G:\pruebas\a5\A1.ASM     
                 INCFRE25   0x00014f    program     static G:\pruebas\a5\A1.ASM     
                 INCFRE26   0x000153    program     static G:\pruebas\a5\A1.ASM     
                 INCFRE27   0x000157    program     static G:\pruebas\a5\A1.ASM     
                 INCFRE28   0x00015b    program     static G:\pruebas\a5\A1.ASM     
                  INCFRE3   0x0000cf    program     static G:\pruebas\a5\A1.ASM     
                  INCFRE4   0x0000d1    program     static G:\pruebas\a5\A1.ASM     
                  INCFRE5   0x0000d3    program     static G:\pruebas\a5\A1.ASM     
                  INCFRE6   0x0000d5    program     static G:\pruebas\a5\A1.ASM     
                  INCFRE7   0x0000d7    program     static G:\pruebas\a5\A1.ASM     
                  INCFRE8   0x0000d9    program     static G:\pruebas\a5\A1.ASM     
                   LEERAD   0x000160    program     static G:\pruebas\a5\A1.ASM     
                  LEER_AD   0x00024d    program     static G:\pruebas\a5\A1.ASM     
              POSICIONARX   0x000164    program     static G:\pruebas\a5\A1.ASM     
              PRENDERLED1   0x000249    program     static G:\pruebas\a5\A1.ASM     
              PRENDERLED2   0x000247    program     static G:\pruebas\a5\A1.ASM     
              PRENDERLED3   0x000245    program     static G:\pruebas\a5\A1.ASM     
              PRENDERLED4   0x000243    program     static G:\pruebas\a5\A1.ASM     
              PRENDERLED5   0x000241    program     static G:\pruebas\a5\A1.ASM     
              PRENDERLED6   0x00023f    program     static G:\pruebas\a5\A1.ASM     
              PRENDERLED7   0x00023d    program     static G:\pruebas\a5\A1.ASM     
              PROMEDIARAD   0x0001bb    program     static G:\pruebas\a5\A1.ASM     
              PROMFBORRAR   0x0000b2    program     static G:\pruebas\a5\A1.ASM     
             PROMFBORRAR2   0x000122    program     static G:\pruebas\a5\A1.ASM     
               PROMFPASO1   0x000072    program     static G:\pruebas\a5\A1.ASM     
              PROMFPASO12   0x0000e2    program     static G:\pruebas\a5\A1.ASM     
               PROMFPASO2   0x00007a    program     static G:\pruebas\a5\A1.ASM     
              PROMFPASO22   0x0000ea    program     static G:\pruebas\a5\A1.ASM     
               PROMFPASO3   0x000082    program     static G:\pruebas\a5\A1.ASM     
              PROMFPASO32   0x0000f2    program     static G:\pruebas\a5\A1.ASM     
               PROMFPASO4   0x00008a    program     static G:\pruebas\a5\A1.ASM     
              PROMFPASO42   0x0000fa    program     static G:\pruebas\a5\A1.ASM     
               PROMFPASO5   0x000092    program     static G:\pruebas\a5\A1.ASM     
              PROMFPASO52   0x000102    program     static G:\pruebas\a5\A1.ASM     
               PROMFPASO6   0x00009a    program     static G:\pruebas\a5\A1.ASM     
              PROMFPASO62   0x00010a    program     static G:\pruebas\a5\A1.ASM     
               PROMFPASO7   0x0000a2    program     static G:\pruebas\a5\A1.ASM     
              PROMFPASO72   0x000112    program     static G:\pruebas\a5\A1.ASM     
               PROMFPASO8   0x0000aa    program     static G:\pruebas\a5\A1.ASM     
              PROMFPASO82   0x00011a    program     static G:\pruebas\a5\A1.ASM     
                 PROMFREC   0x00006c    program     static G:\pruebas\a5\A1.ASM     
                PROMFREC2   0x0000dc    program     static G:\pruebas\a5\A1.ASM     
                 SALIRINT   0x000028    program     static G:\pruebas\a5\A1.ASM     
               TRANSFERIR   0x0002d0    program     static G:\pruebas\a5\A1.ASM     



                              Symbols - Sorted by Address
                     Name    Address   Location    Storage File                     
                ---------  ---------  ---------  --------- ---------                
                 SALIRINT   0x000028    program     static G:\pruebas\a5\A1.ASM     
            CONFIGURACION   0x00002e    program     static G:\pruebas\a5\A1.ASM     
                    BUCLE   0x000051    program     static G:\pruebas\a5\A1.ASM     
                  DISPLAY   0x000051    program     static G:\pruebas\a5\A1.ASM     
                     DIS1   0x00005c    program     static G:\pruebas\a5\A1.ASM     
                     DIS2   0x000060    program     static G:\pruebas\a5\A1.ASM     
                     DIS3   0x000064    program     static G:\pruebas\a5\A1.ASM     
                     DIS4   0x000068    program     static G:\pruebas\a5\A1.ASM     
                 PROMFREC   0x00006c    program     static G:\pruebas\a5\A1.ASM     
               PROMFPASO1   0x000072    program     static G:\pruebas\a5\A1.ASM     
               PROMFPASO2   0x00007a    program     static G:\pruebas\a5\A1.ASM     
               PROMFPASO3   0x000082    program     static G:\pruebas\a5\A1.ASM     
               PROMFPASO4   0x00008a    program     static G:\pruebas\a5\A1.ASM     
               PROMFPASO5   0x000092    program     static G:\pruebas\a5\A1.ASM     
               PROMFPASO6   0x00009a    program     static G:\pruebas\a5\A1.ASM     
               PROMFPASO7   0x0000a2    program     static G:\pruebas\a5\A1.ASM     
               PROMFPASO8   0x0000aa    program     static G:\pruebas\a5\A1.ASM     
              PROMFBORRAR   0x0000b2    program     static G:\pruebas\a5\A1.ASM     
                  INCFRE0   0x0000c9    program     static G:\pruebas\a5\A1.ASM     
                  INCFRE1   0x0000cb    program     static G:\pruebas\a5\A1.ASM     
                  INCFRE2   0x0000cd    program     static G:\pruebas\a5\A1.ASM     
                  INCFRE3   0x0000cf    program     static G:\pruebas\a5\A1.ASM     
                  INCFRE4   0x0000d1    program     static G:\pruebas\a5\A1.ASM     
                  INCFRE5   0x0000d3    program     static G:\pruebas\a5\A1.ASM     
                  INCFRE6   0x0000d5    program     static G:\pruebas\a5\A1.ASM     
                  INCFRE7   0x0000d7    program     static G:\pruebas\a5\A1.ASM     
                  INCFRE8   0x0000d9    program     static G:\pruebas\a5\A1.ASM     
                PROMFREC2   0x0000dc    program     static G:\pruebas\a5\A1.ASM     
              PROMFPASO12   0x0000e2    program     static G:\pruebas\a5\A1.ASM     
              PROMFPASO22   0x0000ea    program     static G:\pruebas\a5\A1.ASM     
              PROMFPASO32   0x0000f2    program     static G:\pruebas\a5\A1.ASM     
              PROMFPASO42   0x0000fa    program     static G:\pruebas\a5\A1.ASM     
              PROMFPASO52   0x000102    program     static G:\pruebas\a5\A1.ASM     
              PROMFPASO62   0x00010a    program     static G:\pruebas\a5\A1.ASM     
              PROMFPASO72   0x000112    program     static G:\pruebas\a5\A1.ASM     
              PROMFPASO82   0x00011a    program     static G:\pruebas\a5\A1.ASM     
             PROMFBORRAR2   0x000122    program     static G:\pruebas\a5\A1.ASM     
                 INCFRE20   0x00013b    program     static G:\pruebas\a5\A1.ASM     
                 INCFRE21   0x00013f    program     static G:\pruebas\a5\A1.ASM     
                 INCFRE22   0x000143    program     static G:\pruebas\a5\A1.ASM     
                 INCFRE23   0x000147    program     static G:\pruebas\a5\A1.ASM     
                 INCFRE24   0x00014b    program     static G:\pruebas\a5\A1.ASM     
                 INCFRE25   0x00014f    program     static G:\pruebas\a5\A1.ASM     
                 INCFRE26   0x000153    program     static G:\pruebas\a5\A1.ASM     
                 INCFRE27   0x000157    program     static G:\pruebas\a5\A1.ASM     
                 INCFRE28   0x00015b    program     static G:\pruebas\a5\A1.ASM     
                   LEERAD   0x000160    program     static G:\pruebas\a5\A1.ASM     
              POSICIONARX   0x000164    program     static G:\pruebas\a5\A1.ASM     
                     DIV1   0x00016a    program     static G:\pruebas\a5\A1.ASM     
                 BUCLEDIV   0x00016c    program     static G:\pruebas\a5\A1.ASM     
                      DIV   0x000174    program     static G:\pruebas\a5\A1.ASM     
                   DIV102   0x000185    program     static G:\pruebas\a5\A1.ASM     
                   DIV103   0x00018d    program     static G:\pruebas\a5\A1.ASM     
                   DIV104   0x000195    program     static G:\pruebas\a5\A1.ASM     
                   DIV105   0x00019d    program     static G:\pruebas\a5\A1.ASM     
                   DIV106   0x0001a5    program     static G:\pruebas\a5\A1.ASM     
                CONVERTIR   0x0001a7    program     static G:\pruebas\a5\A1.ASM     
               ESPERAR_AD   0x0001a9    program     static G:\pruebas\a5\A1.ASM     
                    DIV16   0x0001af    program     static G:\pruebas\a5\A1.ASM     
              PROMEDIARAD   0x0001bb    program     static G:\pruebas\a5\A1.ASM     
           AGREGARLECTURA   0x0001c1    program     static G:\pruebas\a5\A1.ASM     
                   DIV162   0x0001c8    program     static G:\pruebas\a5\A1.ASM     
           COMPARARSALIDA   0x0001da    program     static G:\pruebas\a5\A1.ASM     
                   COMPA1   0x0001e4    program     static G:\pruebas\a5\A1.ASM     
                  COMPA11   0x0001e5    program     static G:\pruebas\a5\A1.ASM     
                   COMPA2   0x0001ee    program     static G:\pruebas\a5\A1.ASM     
                  COMPA21   0x0001ef    program     static G:\pruebas\a5\A1.ASM     
                   COMPA3   0x0001f8    program     static G:\pruebas\a5\A1.ASM     
                  COMPA31   0x0001f9    program     static G:\pruebas\a5\A1.ASM     
                   COMPA4   0x000202    program     static G:\pruebas\a5\A1.ASM     
                  COMPA41   0x000203    program     static G:\pruebas\a5\A1.ASM     
                   COMPA5   0x00020c    program     static G:\pruebas\a5\A1.ASM     
                  COMPA51   0x00020d    program     static G:\pruebas\a5\A1.ASM     
                   COMPA6   0x000216    program     static G:\pruebas\a5\A1.ASM     
                  COMPA61   0x000217    program     static G:\pruebas\a5\A1.ASM     
                   COMPA7   0x000220    program     static G:\pruebas\a5\A1.ASM     
                  COMPA71   0x000221    program     static G:\pruebas\a5\A1.ASM     
                   COMPA8   0x00022a    program     static G:\pruebas\a5\A1.ASM     
                  COMPA81   0x00022b    program     static G:\pruebas\a5\A1.ASM     
                   COMPA9   0x000234    program     static G:\pruebas\a5\A1.ASM     
                  COMPA91   0x000235    program     static G:\pruebas\a5\A1.ASM     
               APAGARLED0   0x00023b    program     static G:\pruebas\a5\A1.ASM     
              PRENDERLED7   0x00023d    program     static G:\pruebas\a5\A1.ASM     
              PRENDERLED6   0x00023f    program     static G:\pruebas\a5\A1.ASM     
              PRENDERLED5   0x000241    program     static G:\pruebas\a5\A1.ASM     
              PRENDERLED4   0x000243    program     static G:\pruebas\a5\A1.ASM     
              PRENDERLED3   0x000245    program     static G:\pruebas\a5\A1.ASM     
              PRENDERLED2   0x000247    program     static G:\pruebas\a5\A1.ASM     
              PRENDERLED1   0x000249    program     static G:\pruebas\a5\A1.ASM     
               APAGARLED8   0x00024b    program     static G:\pruebas\a5\A1.ASM     
                  LEER_AD   0x00024d    program     static G:\pruebas\a5\A1.ASM     
                     BIT9   0x000256    program     static G:\pruebas\a5\A1.ASM     
                     BIT8   0x00025c    program     static G:\pruebas\a5\A1.ASM     
                     BIT7   0x000264    program     static G:\pruebas\a5\A1.ASM     
                     BIT6   0x00026c    program     static G:\pruebas\a5\A1.ASM     
                     BIT5   0x000276    program     static G:\pruebas\a5\A1.ASM     
                     BIT4   0x000282    program     static G:\pruebas\a5\A1.ASM     
                     BIT3   0x00028c    program     static G:\pruebas\a5\A1.ASM     
                     BIT2   0x000296    program     static G:\pruebas\a5\A1.ASM     
                     BIT1   0x0002a0    program     static G:\pruebas\a5\A1.ASM     
                     BIT0   0x0002a8    program     static G:\pruebas\a5\A1.ASM     
              DIGITALIZAR   0x0002b0    program     static G:\pruebas\a5\A1.ASM     
               TRANSFERIR   0x0002d0    program     static G:\pruebas\a5\A1.ASM     


